
  .   ____          _            __ _ _
 /\\ / ___'_ __ _ _(_)_ __  __ _ \ \ \ \
( ( )\___ | '_ | '_| | '_ \/ _` | \ \ \ \
 \\/  ___)| |_)| | | | | || (_| |  ) ) ) )
  '  |____| .__|_| |_|_| |_\__, | / / / /
 =========|_|==============|___/=/_/_/_/

 :: Spring Boot ::               (v3.5.14)

2026-06-09T18:48:39.839-05:00  INFO 41444 --- [parcialFinal] [           main] c.u.p.ParcialFinalApplication            : Starting ParcialFinalApplication v0.0.1-SNAPSHOT using Java 17.0.18 with PID 41444 (C:\SharedFolders\Personal Account\UdeA\S7\ArquitecturaSoftware\ParcialFinal\server\target\parcialFinal-0.0.1-SNAPSHOT.jar started by User in C:\SharedFolders\Personal Account\UdeA\S7\ArquitecturaSoftware\ParcialFinal\server)
2026-06-09T18:48:39.844-05:00  INFO 41444 --- [parcialFinal] [           main] c.u.p.ParcialFinalApplication            : No active profile set, falling back to 1 default profile: "default"
2026-06-09T18:48:40.802-05:00  INFO 41444 --- [parcialFinal] [           main] .s.d.r.c.RepositoryConfigurationDelegate : Bootstrapping Spring Data JPA repositories in DEFAULT mode.
2026-06-09T18:48:40.906-05:00  INFO 41444 --- [parcialFinal] [           main] .s.d.r.c.RepositoryConfigurationDelegate : Finished Spring Data repository scanning in 59 ms. Found 3 JPA repository interfaces.
2026-06-09T18:48:41.522-05:00  INFO 41444 --- [parcialFinal] [           main] o.s.b.w.embedded.tomcat.TomcatWebServer  : Tomcat initialized with port 8080 (http)
2026-06-09T18:48:41.567-05:00  INFO 41444 --- [parcialFinal] [           main] o.apache.catalina.core.StandardService   : Starting service [Tomcat]
2026-06-09T18:48:41.567-05:00  INFO 41444 --- [parcialFinal] [           main] o.apache.catalina.core.StandardEngine    : Starting Servlet engine: [Apache Tomcat/10.1.54]
2026-06-09T18:48:41.613-05:00  INFO 41444 --- [parcialFinal] [           main] o.a.c.c.C.[Tomcat].[localhost].[/]       : Initializing Spring embedded WebApplicationContext
2026-06-09T18:48:41.615-05:00  INFO 41444 --- [parcialFinal] [           main] w.s.c.ServletWebServerApplicationContext : Root WebApplicationContext: initialization completed in 1724 ms
2026-06-09T18:48:41.786-05:00  INFO 41444 --- [parcialFinal] [           main] o.hibernate.jpa.internal.util.LogHelper  : HHH000204: Processing PersistenceUnitInfo [name: default]
2026-06-09T18:48:41.842-05:00  INFO 41444 --- [parcialFinal] [           main] org.hibernate.Version                    : HHH000412: Hibernate ORM core version 6.6.49.Final
2026-06-09T18:48:41.876-05:00  INFO 41444 --- [parcialFinal] [           main] o.h.c.internal.RegionFactoryInitiator    : HHH000026: Second-level cache disabled
2026-06-09T18:48:42.164-05:00  INFO 41444 --- [parcialFinal] [           main] o.s.o.j.p.SpringPersistenceUnitInfo      : No LoadTimeWeaver setup: ignoring JPA class transformer
2026-06-09T18:48:42.198-05:00  INFO 41444 --- [parcialFinal] [           main] com.zaxxer.hikari.HikariDataSource       : HikariPool-1 - Starting...
2026-06-09T18:48:42.409-05:00  INFO 41444 --- [parcialFinal] [           main] com.zaxxer.hikari.pool.HikariPool        : HikariPool-1 - Added connection org.postgresql.jdbc.PgConnection@76134b9b
2026-06-09T18:48:42.411-05:00  INFO 41444 --- [parcialFinal] [           main] com.zaxxer.hikari.HikariDataSource       : HikariPool-1 - Start completed.
2026-06-09T18:48:42.442-05:00  WARN 41444 --- [parcialFinal] [           main] org.hibernate.orm.deprecation            : HHH90000025: PostgreSQLDialect does not need to be specified explicitly using 'hibernate.dialect' (remove the property setting and it will be selected by default)
2026-06-09T18:48:42.462-05:00  INFO 41444 --- [parcialFinal] [           main] org.hibernate.orm.connections.pooling    : HHH10001005: Database info:
	Database JDBC URL [Connecting through datasource 'HikariDataSource (HikariPool-1)']
	Database driver: undefined/unknown
	Database version: 18.3
	Autocommit mode: undefined/unknown
	Isolation level: undefined/unknown
	Minimum pool size: undefined/unknown
	Maximum pool size: undefined/unknown
2026-06-09T18:48:43.206-05:00  INFO 41444 --- [parcialFinal] [           main] o.h.e.t.j.p.i.JtaPlatformInitiator       : HHH000489: No JTA platform available (set 'hibernate.transaction.jta.platform' to enable JTA platform integration)
2026-06-09T18:48:43.277-05:00  INFO 41444 --- [parcialFinal] [           main] j.LocalContainerEntityManagerFactoryBean : Initialized JPA EntityManagerFactory for persistence unit 'default'
2026-06-09T18:48:43.606-05:00  INFO 41444 --- [parcialFinal] [           main] o.s.d.j.r.query.QueryEnhancerFactory     : Hibernate is in classpath; If applicable, HQL parser will be used.
2026-06-09T18:48:44.150-05:00  WARN 41444 --- [parcialFinal] [           main] JpaBaseConfiguration$JpaWebConfiguration : spring.jpa.open-in-view is enabled by default. Therefore, database queries may be performed during view rendering. Explicitly configure spring.jpa.open-in-view to disable this warning
2026-06-09T18:48:44.259-05:00  INFO 41444 --- [parcialFinal] [           main] o.s.b.a.w.s.WelcomePageHandlerMapping    : Adding welcome page: class path resource [static/index.html]
2026-06-09T18:48:44.931-05:00  INFO 41444 --- [parcialFinal] [           main] o.s.b.w.embedded.tomcat.TomcatWebServer  : Tomcat started on port 8080 (http) with context path '/'
2026-06-09T18:48:44.983-05:00  INFO 41444 --- [parcialFinal] [           main] c.u.p.ParcialFinalApplication            : Started ParcialFinalApplication in 5.646 seconds (process running for 6.066)
2026-06-09T18:48:44.993-05:00  WARN 41444 --- [parcialFinal] [           main] o.s.core.events.SpringDocAppInitializer  : SpringDoc /v3/api-docs endpoint is enabled by default. To disable it in production, set the property 'springdoc.api-docs.enabled=false'
2026-06-09T18:48:44.994-05:00  WARN 41444 --- [parcialFinal] [           main] o.s.core.events.SpringDocAppInitializer  : SpringDoc /swagger-ui.html endpoint is enabled by default. To disable it in production, set the property 'springdoc.swagger-ui.enabled=false'
2026-06-09T18:48:45.083-05:00  INFO 41444 --- [parcialFinal] [nio-8080-exec-1] o.a.c.c.C.[Tomcat].[localhost].[/]       : Initializing Spring DispatcherServlet 'dispatcherServlet'
2026-06-09T18:48:45.083-05:00  INFO 41444 --- [parcialFinal] [nio-8080-exec-1] o.s.web.servlet.DispatcherServlet        : Initializing Servlet 'dispatcherServlet'
2026-06-09T18:48:45.091-05:00  INFO 41444 --- [parcialFinal] [nio-8080-exec-1] o.s.web.servlet.DispatcherServlet        : Completed initialization in 1 ms
